[    0.000000] Linux version 5.10.176 (builder@buildhost) (mipsel-openwrt-linux-musl-gcc (OpenWrt GCC 11.2.0 r20134-5f15225c1e) 11.2.0, GNU ld (GNU Binutils) 2.37) #0 SMP Thu Apr 27 20:28:15 2023[    0.000000] SoC Type: MediaTek MT7621 ver:1 eco:3[    0.000000] printk: bootconsole [early0] enabled[    0.000000] CPU0 revision is: 0001992f (MIPS 1004Kc)[    0.000000] MIPS: machine is ASUS RT-AX53U[    0.000000] Initrd not found or empty - disabling initrd[    0.000000] VPE topology {2,2} total 4[    0.000000] Primary instruction cache 32kB, VIPT, 4-way, linesize 32 bytes.[    0.000000] Primary data cache 32kB, 4-way, PIPT, no aliases, linesize 32 bytes[    0.000000] MIPS secondary cache 256kB, 8-way, linesize 32 bytes.[    0.000000] Zone ranges:[    0.000000]   Normal   [mem 0x0000000000000000-0x000000000fffffff][    0.000000]   HighMem  empty[    0.000000] Movable zone start for each node[    0.000000] Early memory node ranges[    0.000000]   node   0: [mem 0x0000000000000000-0x000000000fffffff][    0.000000] Initmem setup node 0 [mem 0x0000000000000000-0x000000000fffffff][    0.000000] On node 0 totalpages: 65536[    0.000000]   Normal zone: 576 pages used for memmap[    0.000000]   Normal zone: 0 pages reserved[    0.000000]   Normal zone: 65536 pages, LIFO batch:15[    0.000000] percpu: Embedded 15 pages/cpu s30480 r8192 d22768 u61440[    0.000000] pcpu-alloc: s30480 r8192 d22768 u61440 alloc=15*4096[    0.000000] pcpu-alloc: [0] 0 [0] 1 [0] 2 [0] 3 [    0.000000] Built 1 zonelists, mobility grouping on.  Total pages: 64960[    0.000000] Kernel command line: console=ttyS0,115200[    0.000000] Dentry cache hash table entries: 32768 (order: 5, 131072 bytes, linear)[    0.000000] Inode-cache hash table entries: 16384 (order: 4, 65536 bytes, linear)[    0.000000] Writing ErrCtl register=00000000[    0.000000] Readback ErrCtl register=00000000[    0.000000] mem auto-init: stack:off, heap alloc:off, heap free:off[    0.000000] Memory: 249296K/262144K available (7064K kernel code, 631K rwdata, 832K rodata, 1252K init, 243K bss, 12848K reserved, 0K cma-reserved, 0K highmem)[    0.000000] SLUB: HWalign=32, Order=0-3, MinObjects=0, CPUs=4, Nodes=1[    0.000000] rcu: Hierarchical RCU implementation.[    0.000000] 	Tracing variant of Tasks RCU enabled.[    0.000000] rcu: RCU calculated value of scheduler-enlistment delay is 10 jiffies.[    0.000000] NR_IRQS: 256[    0.000000] CPU Clock: 880MHz[    0.000000] clocksource: GIC: mask: 0xffffffffffffffff max_cycles: 0xcaf478abb4, max_idle_ns: 440795247997 ns[    0.000012] sched_clock: 64 bits at 880MHz, resolution 1ns, wraps every 4398046511103ns[    0.007946] clocksource: MIPS: mask: 0xffffffff max_cycles: 0xffffffff, max_idle_ns: 4343773742 ns[    0.017002] Calibrating delay loop... 586.13 BogoMIPS (lpj=2930688)[    0.083164] pid_max: default: 32768 minimum: 301[    0.087928] Mount-cache hash table entries: 1024 (order: 0, 4096 bytes, linear)[    0.095131] Mountpoint-cache hash table entries: 1024 (order: 0, 4096 bytes, linear)[    0.105785] rcu: Hierarchical SRCU implementation.[    0.110838] dyndbg: Ignore empty _ddebug table in a CONFIG_DYNAMIC_DEBUG_CORE build[    0.118961] smp: Bringing up secondary CPUs ...[    0.124256] Primary instruction cache 32kB, VIPT, 4-way, linesize 32 bytes.[    0.124266] Primary data cache 32kB, 4-way, PIPT, no aliases, linesize 32 bytes[    0.124278] MIPS secondary cache 256kB, 8-way, linesize 32 bytes.[    0.124354] CPU1 revision is: 0001992f (MIPS 1004Kc)[    0.178747] Synchronize counters for CPU 1: done.[    0.211249] Primary instruction cache 32kB, VIPT, 4-way, linesize 32 bytes.[    0.211259] Primary data cache 32kB, 4-way, PIPT, no aliases, linesize 32 bytes[    0.211266] MIPS secondary cache 256kB, 8-way, linesize 32 bytes.[    0.211312] CPU2 revision is: 0001992f (MIPS 1004Kc)[    0.270188] Synchronize counters for CPU 2: done.[    0.300796] Primary instruction cache 32kB, VIPT, 4-way, linesize 32 bytes.[    0.300805] Primary data cache 32kB, 4-way, PIPT, no aliases, linesize 32 bytes[    0.300813] MIPS secondary cache 256kB, 8-way, linesize 32 bytes.[    0.300862] CPU3 revision is: 0001992f (MIPS 1004Kc)[    0.355375] Synchronize counters for CPU 3: done.[    0.385242] smp: Brought up 1 node, 4 CPUs[    0.393358] clocksource: jiffies: mask: 0xffffffff max_cycles: 0xffffffff, max_idle_ns: 19112604462750000 ns[    0.403184] futex hash table entries: 1024 (order: 3, 32768 bytes, linear)[    0.410203] pinctrl core: initialized pinctrl subsystem[    0.417876] NET: Registered protocol family 16[    0.423587] thermal_sys: Registered thermal governor 'step_wise'[    0.424398] cpuidle: using governor teo[    0.443439] FPU Affinity set after 11720 emulations[    0.470981] clocksource: Switched to clocksource GIC[    0.477839] NET: Registered protocol family 2[    0.482576] IP idents hash table entries: 4096 (order: 3, 32768 bytes, linear)[    0.490852] tcp_listen_portaddr_hash hash table entries: 512 (order: 0, 6144 bytes, linear)[    0.499293] TCP established hash table entries: 2048 (order: 1, 8192 bytes, linear)[    0.506909] TCP bind hash table entries: 2048 (order: 2, 16384 bytes, linear)[    0.513989] TCP: Hash tables configured (established 2048 bind 2048)[    0.520422] UDP hash table entries: 256 (order: 1, 8192 bytes, linear)[    0.526908] UDP-Lite hash table entries: 256 (order: 1, 8192 bytes, linear)[    0.534136] NET: Registered protocol family 1[    0.538433] PCI: CLS 0 bytes, default 32[    0.545469] workingset: timestamp_bits=14 max_order=16 bucket_order=2[    0.556089] squashfs: version 4.0 (2009/01/31) Phillip Lougher[    0.561889] jffs2: version 2.2 (NAND) (SUMMARY) (LZMA) (RTIME) (CMODE_PRIORITY) (c) 2001-2006 Red Hat, Inc.[    0.572484] Block layer SCSI generic (bsg) driver version 0.4 loaded (major 251)[    0.581806] mt7621_gpio 1e000600.gpio: registering 32 gpios[    0.587656] mt7621_gpio 1e000600.gpio: registering 32 gpios[    0.593561] mt7621_gpio 1e000600.gpio: registering 32 gpios[    0.600008] Serial: 8250/16550 driver, 16 ports, IRQ sharing enabled[    0.610671] printk: console [ttyS0] disabled[    0.615028] 1e000c00.uartlite: ttyS0 at MMIO 0x1e000c00 (irq = 19, base_baud = 3125000) is a 16550A[    0.624026] printk: console [ttyS0] enabled[    0.632294] printk: bootconsole [early0] disabled[    0.644686] nand: device found, Manufacturer ID: 0x01, Chip ID: 0xf1[    0.651163] nand: AMD/Spansion S34ML01G2[    0.655070] nand: 128 MiB, SLC, erase size: 128 KiB, page size: 2048, OOB size: 64[    0.662644] mt7621-nand 1e003000.nand: ECC strength adjusted to 4 bits[    0.671853] Signature found at block 1023 [0x07fe0000][    0.676969] NMBM management region starts at block 960 [0x07800000][    0.687821] First info table with writecount 0 found in block 960[    0.707447] Second info table with writecount 0 found in block 963[    0.713720] NMBM has been successfully attached[    0.718358] 8 fixed-partitions partitions found on MTD device mt7621-nand[    0.726240] Creating 8 MTD partitions on "mt7621-nand":[    0.731524] 0x000000000000-0x000000080000 : "u-boot"[    0.745161] 0x000000080000-0x0000000e0000 : "u-boot-env"[    0.757242] 0x0000000e0000-0x0000001e0000 : "nvram"[    0.778513] 0x0000001e0000-0x0000002e0000 : "factory"[    0.800162] 0x0000002e0000-0x0000003e0000 : "factory2"[    0.821787] 0x0000003e0000-0x0000035e0000 : "firmware"[    1.595208] 2 fixed-partitions partitions found on MTD device firmware[    1.601834] Creating 2 MTD partitions on "firmware":[    1.606788] 0x000000000000-0x000000400000 : "kernel"[    1.674151] 0x000000400000-0x000003200000 : "ubi"[    2.385406] 0x0000035e0000-0x0000067e0000 : "firmware2"[    3.158838] 0x0000067e0000-0x000007800000 : "jffs2"[    3.462183] mt7530 mdio-bus:1f: MT7530 adapts as multi-chip module[    3.472417] mtk_soc_eth 1e100000.ethernet eth0: mediatek frame engine at 0xbe100000, irq 21[    3.481952] i2c /dev entries driver[    3.488136] mt7621-pci 1e140000.pcie: host bridge /pcie@1e140000 ranges:[    3.494887] mt7621-pci 1e140000.pcie:   No bus range found for /pcie@1e140000, using [bus 00-ff][    3.503687] mt7621-pci 1e140000.pcie:      MEM 0x0060000000..0x006fffffff -> 0x0000000000[    3.511865] mt7621-pci 1e140000.pcie:       IO 0x001e160000..0x001e16ffff -> 0x0000000000[    3.520097] mt7621-pci 1e140000.pcie: Parsing DT failed[    3.527735] NET: Registered protocol family 10[    3.534085] Segment Routing with IPv6[    3.537855] NET: Registered protocol family 17[    3.542434] bridge: filtering via arp/ip/ip6tables is no longer available by default. Update your scripts to load br_netfilter if you need this.[    3.555708] 8021q: 802.1Q VLAN Support v1.8[    3.563439] mt7530 mdio-bus:1f: MT7530 adapts as multi-chip module[    3.593419] mt7530 mdio-bus:1f wan (uninitialized): PHY [mt7530-0:00] driver [MediaTek MT7530 PHY] (irq=26)[    3.605640] mt7530 mdio-bus:1f lan1 (uninitialized): PHY [mt7530-0:01] driver [MediaTek MT7530 PHY] (irq=27)[    3.617895] mt7530 mdio-bus:1f lan2 (uninitialized): PHY [mt7530-0:02] driver [MediaTek MT7530 PHY] (irq=28)[    3.630137] mt7530 mdio-bus:1f lan3 (uninitialized): PHY [mt7530-0:03] driver [MediaTek MT7530 PHY] (irq=29)[    3.643302] mt7530 mdio-bus:1f: configuring for fixed/rgmii link mode[    3.653731] DSA: tree 0 setup[    3.656990] rt2880-pinmux pinctrl: pcie is already enabled[    3.662565] mt7621-pci 1e140000.pcie: host bridge /pcie@1e140000 ranges:[    3.669252] mt7621-pci 1e140000.pcie:   No bus range found for /pcie@1e140000, using [bus 00-ff][    3.678043] mt7621-pci 1e140000.pcie:      MEM 0x0060000000..0x006fffffff -> 0x0000000000[    3.686212] mt7621-pci 1e140000.pcie:       IO 0x001e160000..0x001e16ffff -> 0x0000000000[    3.694495] mt7621-pci-phy 1e149000.pcie-phy: PHY for 0xbe149000 (dual port = 1)[    3.702215] mt7621-pci-phy 1e14a000.pcie-phy: PHY for 0xbe14a000 (dual port = 0)[    3.709815] mt7621-pci 1e140000.pcie: failed to parse bus ranges property: -22[    3.817220] mt7621-pci-phy 1e149000.pcie-phy: Xtal is 40MHz[    3.822803] mt7621-pci-phy 1e14a000.pcie-phy: Xtal is 40MHz[    3.928495] mt7621-pci 1e140000.pcie: pcie2 no card, disable it (RST & CLK)[    3.935451] mt7621-pci 1e140000.pcie: PCIE0 enabled[    3.940306] mt7621-pci 1e140000.pcie: PCIE1 enabled[    3.945180] mt7621-pci 1e140000.pcie: PCI coherence region base: 0x60000000, mask/settings: 0xf0000002[    3.954659] mt7621-pci 1e140000.pcie: PCI host bridge to bus 0000:00[    3.961026] pci_bus 0000:00: root bus resource [io  0x1e160000-0x1e16ffff][    3.967877] pci_bus 0000:00: root bus resource [mem 0x60000000-0x6fffffff][    3.974738] pci_bus 0000:00: root bus resource [bus 00-ff][    3.980203] pci_bus 0000:00: root bus resource [mem 0x60000000-0x6fffffff] (bus address [0x00000000-0x0fffffff])[    3.990414] pci 0000:00:00.0: [0e8d:0801] type 01 class 0x060400[    3.996439] pci 0000:00:00.0: reg 0x10: [mem 0x00000000-0x7fffffff][    4.002700] pci 0000:00:00.0: reg 0x14: [mem 0x60600000-0x6060ffff][    4.009006] pci 0000:00:00.0: supports D1[    4.013017] pci 0000:00:00.0: PME# supported from D0 D1 D3hot[    4.019174] pci 0000:00:01.0: [0e8d:0801] type 01 class 0x060400[    4.025214] pci 0000:00:01.0: reg 0x10: [mem 0x00000000-0x7fffffff][    4.031479] pci 0000:00:01.0: reg 0x14: [mem 0x60610000-0x6061ffff][    4.037783] pci 0000:00:01.0: supports D1[    4.041797] pci 0000:00:01.0: PME# supported from D0 D1 D3hot[    4.049068] pci 0000:01:00.0: [14c3:7916] type 00 class 0x000280[    4.055159] pci 0000:01:00.0: reg 0x10: initial BAR value 0x00000000 invalid[    4.062203] pci 0000:01:00.0: reg 0x10: [mem size 0x00100000 64bit pref][    4.068890] pci 0000:01:00.0: reg 0x18: initial BAR value 0x00000000 invalid[    4.075926] pci 0000:01:00.0: reg 0x18: [mem size 0x00004000 64bit pref][    4.082625] pci 0000:01:00.0: reg 0x20: initial BAR value 0x00000000 invalid[    4.089641] pci 0000:01:00.0: reg 0x20: [mem size 0x00001000 64bit pref][    4.096456] pci 0000:01:00.0: supports D1 D2[    4.100708] pci 0000:01:00.0: PME# supported from D0 D1 D2 D3hot D3cold[    4.107355] pci 0000:01:00.0: 2.000 Gb/s available PCIe bandwidth, limited by 2.5 GT/s PCIe x1 link at 0000:00:00.0 (capable of 4.000 Gb/s with 5.0 GT/s PCIe x1 link)[    4.123410] pci 0000:00:00.0: PCI bridge to [bus 01-ff][    4.128632] pci 0000:00:00.0:   bridge window [io  0x0000-0x0fff][    4.134730] pci 0000:00:00.0:   bridge window [mem 0x60000000-0x600fffff][    4.141504] pci 0000:00:00.0:   bridge window [mem 0x60100000-0x602fffff pref][    4.148699] pci_bus 0000:01: busn_res: [bus 01-ff] end is updated to 01[    4.155548] pci 0000:02:00.0: [14c3:7915] type 00 class 0x000280[    4.161605] pci 0000:02:00.0: reg 0x10: initial BAR value 0x00000000 invalid[    4.168632] pci 0000:02:00.0: reg 0x10: [mem size 0x00100000 64bit pref][    4.175331] pci 0000:02:00.0: reg 0x18: initial BAR value 0x00000000 invalid[    4.182372] pci 0000:02:00.0: reg 0x18: [mem size 0x00004000 64bit pref][    4.189057] pci 0000:02:00.0: reg 0x20: initial BAR value 0x00000000 invalid[    4.196094] pci 0000:02:00.0: reg 0x20: [mem size 0x00001000 64bit pref][    4.202912] pci 0000:02:00.0: supports D1 D2[    4.207164] pci 0000:02:00.0: PME# supported from D0 D1 D2 D3hot D3cold[    4.213805] pci 0000:02:00.0: 2.000 Gb/s available PCIe bandwidth, limited by 2.5 GT/s PCIe x1 link at 0000:00:01.0 (capable of 4.000 Gb/s with 5.0 GT/s PCIe x1 link)[    4.229893] pci 0000:00:01.0: PCI bridge to [bus 02-ff][    4.235140] pci 0000:00:01.0:   bridge window [io  0x0000-0x0fff][    4.241235] pci 0000:00:01.0:   bridge window [mem 0x60300000-0x603fffff][    4.247995] pci 0000:00:01.0:   bridge window [mem 0x60400000-0x605fffff pref][    4.255213] pci_bus 0000:02: busn_res: [bus 02-ff] end is updated to 02[    4.261867] pci 0000:00:00.0: BAR 0: no space for [mem size 0x80000000][    4.268452] pci 0000:00:00.0: BAR 0: failed to assign [mem size 0x80000000][    4.275400] pci 0000:00:01.0: BAR 0: no space for [mem size 0x80000000][    4.282007] pci 0000:00:01.0: BAR 0: failed to assign [mem size 0x80000000][    4.288944] pci 0000:00:00.0: BAR 8: assigned [mem 0x60000000-0x600fffff][    4.295720] pci 0000:00:00.0: BAR 9: assigned [mem 0x60100000-0x602fffff pref][    4.302938] pci 0000:00:01.0: BAR 8: assigned [mem 0x60300000-0x603fffff][    4.309699] pci 0000:00:01.0: BAR 9: assigned [mem 0x60400000-0x605fffff pref][    4.316919] pci 0000:00:00.0: BAR 1: assigned [mem 0x60600000-0x6060ffff][    4.323703] pci 0000:00:01.0: BAR 1: assigned [mem 0x60610000-0x6061ffff][    4.330464] pci 0000:00:00.0: BAR 7: assigned [io  0x1e160000-0x1e160fff][    4.337239] pci 0000:00:01.0: BAR 7: assigned [io  0x1e161000-0x1e161fff][    4.344032] pci 0000:01:00.0: BAR 0: assigned [mem 0x60100000-0x601fffff 64bit pref][    4.351773] pci 0000:01:00.0: BAR 2: assigned [mem 0x60200000-0x60203fff 64bit pref][    4.359495] pci 0000:01:00.0: BAR 4: assigned [mem 0x60204000-0x60204fff 64bit pref][    4.367236] pci 0000:00:00.0: PCI bridge to [bus 01][    4.372203] pci 0000:00:00.0:   bridge window [io  0x1e160000-0x1e160fff][    4.378964] pci 0000:00:00.0:   bridge window [mem 0x60000000-0x600fffff][    4.385737] pci 0000:00:00.0:   bridge window [mem 0x60100000-0x602fffff pref][    4.392950] pci 0000:02:00.0: BAR 0: assigned [mem 0x60400000-0x604fffff 64bit pref][    4.400672] pci 0000:02:00.0: BAR 2: assigned [mem 0x60500000-0x60503fff 64bit pref][    4.408417] pci 0000:02:00.0: BAR 4: assigned [mem 0x60504000-0x60504fff 64bit pref][    4.416153] pci 0000:00:01.0: PCI bridge to [bus 02][    4.421127] pci 0000:00:01.0:   bridge window [io  0x1e161000-0x1e161fff][    4.427887] pci 0000:00:01.0:   bridge window [mem 0x60300000-0x603fffff][    4.434666] pci 0000:00:01.0:   bridge window [mem 0x60400000-0x605fffff pref][    4.446162] UBI: auto-attach mtd7[    4.449506] ubi0: attaching mtd7[    4.453113] mt7530 mdio-bus:1f: Link is Up - 1Gbps/Full - flow control rx/tx[    5.632551] ubi0: scanning is finished[    5.653080] ubi0: attached mtd7 (name "ubi", size 46 MiB)[    5.658479] ubi0: PEB size: 131072 bytes (128 KiB), LEB size: 126976 bytes[    5.665348] ubi0: min./max. I/O unit sizes: 2048/2048, sub-page size 2048[    5.672118] ubi0: VID header offset: 2048 (aligned 2048), data offset: 4096[    5.679047] ubi0: good PEBs: 368, bad PEBs: 0, corrupted PEBs: 0[    5.685036] ubi0: user volume: 2, internal volumes: 1, max. volumes count: 128[    5.692241] ubi0: max/mean erase counter: 40/29, WL threshold: 4096, image sequence number: 1682627295[    5.701526] ubi0: available PEBs: 0, total reserved PEBs: 368, PEBs reserved for bad PEB handling: 19[    5.710737] ubi0: background thread "ubi_bgt0d" started, PID 458[    5.713199] block ubiblock0_0: created from ubi0:0(rootfs)[    5.722226] ubiblock: device ubiblock0_0 (rootfs) set to be root filesystem[    5.736745] VFS: Mounted root (squashfs filesystem) readonly on device 254:0.[    5.748009] Freeing unused kernel memory: 1252K[    5.752567] This architecture does not have kernel memory protection.[    5.758996] Run /sbin/init as init process[    5.763089]   with arguments:[    5.763096]     /sbin/init[    5.763101]   with environment:[    5.763106]     HOME=/[    5.763111]     TERM=linux[    6.304286] init: Console is alive[    6.308040] init: - watchdog -[    7.142385] kmodloader: loading kernel modules from /etc/modules-boot.d/*[    7.269039] usbcore: registered new interface driver usbfs[    7.274745] usbcore: registered new interface driver hub[    7.280199] usbcore: registered new device driver usb[    7.295891] xhci-mtk 1e1c0000.xhci: supply vbus not found, using dummy regulator[    7.303625] xhci-mtk 1e1c0000.xhci: supply vusb33 not found, using dummy regulator[    7.311458] xhci-mtk 1e1c0000.xhci: xHCI Host Controller[    7.316792] xhci-mtk 1e1c0000.xhci: new USB bus registered, assigned bus number 1[    7.331170] xhci-mtk 1e1c0000.xhci: hcc params 0x01401198 hci version 0x96 quirks 0x0000000000290010[    7.340345] xhci-mtk 1e1c0000.xhci: irq 20, io mem 0x1e1c0000[    7.346322] xhci-mtk 1e1c0000.xhci: xHCI Host Controller[    7.351655] xhci-mtk 1e1c0000.xhci: new USB bus registered, assigned bus number 2[    7.359119] xhci-mtk 1e1c0000.xhci: Host supports USB 3.0 SuperSpeed[    7.366553] hub 1-0:1.0: USB hub found[    7.370442] hub 1-0:1.0: 2 ports detected[    7.375467] usb usb2: We don't know the algorithms for LPM for this host, disabling LPM.[    7.384520] hub 2-0:1.0: USB hub found[    7.388405] hub 2-0:1.0: 1 port detected[    7.399484] kmodloader: done loading kernel modules from /etc/modules-boot.d/*[    7.411406] init: - preinit -[    8.171280] random: jshn: uninitialized urandom read (4 bytes read)[    8.250146] random: jshn: uninitialized urandom read (4 bytes read)[    8.300683] random: jshn: uninitialized urandom read (4 bytes read)[    8.607240] mtk_soc_eth 1e100000.ethernet eth0: configuring for fixed/rgmii link mode[    8.615676] mtk_soc_eth 1e100000.ethernet eth0: Link is Up - 1Gbps/Full - flow control rx/tx[    8.621571] mt7530 mdio-bus:1f lan1: configuring for phy/gmii link mode[    8.631101] 8021q: adding VLAN 0 to HW filter on device lan1[    8.639383] IPv6: ADDRCONF(NETDEV_CHANGE): eth0: link becomes ready[   12.837342] UBIFS (ubi0:1): Mounting in unauthenticated mode[   12.843456] UBIFS (ubi0:1): background thread "ubifs_bgt0_1" started, PID 591[   12.925050] UBIFS (ubi0:1): recovery needed[   13.150894] UBIFS (ubi0:1): recovery completed[   13.155547] UBIFS (ubi0:1): UBIFS: mounted UBI device 0, volume 1, name "rootfs_data"[   13.163380] UBIFS (ubi0:1): LEB size: 126976 bytes (124 KiB), min./max. I/O unit sizes: 2048 bytes/2048 bytes[   13.173295] UBIFS (ubi0:1): FS size: 38219776 bytes (36 MiB, 301 LEBs), journal size 1904640 bytes (1 MiB, 15 LEBs)[   13.183705] UBIFS (ubi0:1): reserved for root: 1805213 bytes (1762 KiB)[   13.190295] UBIFS (ubi0:1): media format: w5/r0 (latest is w5/r0), UUID 6F2DC0BF-A000-4028-A80A-29FAAE27F0A0, small LPT model[   13.217852] mount_root: switching to ubifs overlay[   13.246690] urandom-seed: Seeding with /etc/urandom.seed[   13.539145] procd: - early -[   13.542426] procd: - watchdog -[   14.291194] procd: - watchdog -[   14.299070] procd: - ubus -[   14.394764] random: ubusd: uninitialized urandom read (4 bytes read)[   14.409617] random: ubusd: uninitialized urandom read (4 bytes read)[   14.418002] random: ubusd: uninitialized urandom read (4 bytes read)[   14.432459] procd: - init -[   28.490849] random: jshn: uninitialized urandom read (4 bytes read)[   28.580630] random: ubusd: uninitialized urandom read (4 bytes read)[   28.587324] random: ubus: uninitialized urandom read (4 bytes read)[   29.174439] kmodloader: loading kernel modules from /etc/modules.d/*[   29.487607] tun: Universal TUN/TAP device driver, 1.6[   29.649758] Loading modules backported from Linux version v5.15.92-0-ge515b9902f5f[   29.657401] Backport generated by backports.git v5.15.92-1-0-gdfe0f60c[   29.742593] xt_time: kernel timezone is -0000[   29.748964] usbcore: registered new interface driver cdc_ether[   29.908431] mt7621-pci 1e140000.pcie: bus=1 slot=0 irq=22[   29.913906] pci 0000:00:00.0: enabling device (0006 -> 0007)[   29.919550] mt7915e_hif 0000:01:00.0: enabling device (0000 -> 0002)[   29.926347] mt7621-pci 1e140000.pcie: bus=2 slot=1 irq=23[   29.931853] pci 0000:00:01.0: enabling device (0006 -> 0007)[   29.937529] mt7915e 0000:02:00.0: enabling device (0000 -> 0002)[   30.185612] urngd: v1.0.2 started.[   30.227593] mt7915e 0000:02:00.0: HW/SW Version: 0x8a108a10, Build Time: 20211222184017a[   30.227593] [   30.560645] mt7915e 0000:02:00.0: WM Firmware Version: ____000000, Build Time: 20211222184052[   30.599454] mt7915e 0000:02:00.0: WA Firmware Version: DEV_000000, Build Time: 20211222184111[   31.067045] random: crng init done[   31.070479] random: 27 urandom warning(s) missed due to ratelimiting[   35.733655] PPP generic driver version 2.4.2[   35.740377] NET: Registered protocol family 24[   35.747441] usbcore: registered new interface driver rndis_host[   35.769957] kmodloader: done loading kernel modules from /etc/modules.d/*[   47.595525] mtk_soc_eth 1e100000.ethernet eth0: Link is Down[   48.166013] mtk_soc_eth 1e100000.ethernet eth0: configuring for fixed/rgmii link mode[   48.174409] mtk_soc_eth 1e100000.ethernet eth0: Link is Up - 1Gbps/Full - flow control rx/tx[   48.184459] IPv6: ADDRCONF(NETDEV_CHANGE): eth0: link becomes ready[   48.200560] mt7530 mdio-bus:1f lan1: configuring for phy/gmii link mode[   48.207866] 8021q: adding VLAN 0 to HW filter on device lan1[   48.220019] br-lan: port 1(lan1) entered blocking state[   48.225871] br-lan: port 1(lan1) entered disabled state[   48.233641] device lan1 entered promiscuous mode[   48.238352] device eth0 entered promiscuous mode[   48.331594] mt7530 mdio-bus:1f lan2: configuring for phy/gmii link mode[   48.361053] 8021q: adding VLAN 0 to HW filter on device lan2[   48.370860] br-lan: port 2(lan2) entered blocking state[   48.376357] br-lan: port 2(lan2) entered disabled state[   48.401876] device lan2 entered promiscuous mode[   48.429229] mt7530 mdio-bus:1f lan3: configuring for phy/gmii link mode[   48.440679] 8021q: adding VLAN 0 to HW filter on device lan3[   48.454668] br-lan: port 3(lan3) entered blocking state[   48.459971] br-lan: port 3(lan3) entered disabled state[   48.468382] device lan3 entered promiscuous mode[   48.517619] mt7530 mdio-bus:1f wan: configuring for phy/gmii link mode[   48.529309] 8021q: adding VLAN 0 to HW filter on device wan[   50.367940] mt7530 mdio-bus:1f wan: Link is Up - 100Mbps/Full - flow control rx/tx[   50.375763] IPv6: ADDRCONF(NETDEV_CHANGE): wan: link becomes ready[   52.065404] br-lan: port 4(wlan0) entered blocking state[   52.070784] br-lan: port 4(wlan0) entered disabled state[   52.077231] device wlan0 entered promiscuous mode[   62.978335] IPv6: ADDRCONF(NETDEV_CHANGE): wlan0: link becomes ready[   62.985219] br-lan: port 4(wlan0) entered blocking state[   62.990549] br-lan: port 4(wlan0) entered forwarding state[   62.997154] IPv6: ADDRCONF(NETDEV_CHANGE): br-lan: link becomes ready[11729.743893] bdi 31:4: the stable_pages_required attribute has been removed. Use the stable_writes queue attribute instead.